// Jest Snapshot v1, https://goo.gl/fbAQLP

exports[`<Table /> renders correctly 1`] = `
<TableContainer
  classes={
    Object {
      "root": "TableContainer-root-1",
      "table": "TableContainer-table-2",
    }
  }
>
  <WithStyles(TableHead)>
    <WithStyles(TableRow)>
      <WithStyles(TableCell)>
        Dessert (100g serving)
      </WithStyles(TableCell)>
      <WithStyles(TableCell)
        align="right"
      >
        Calories
      </WithStyles(TableCell)>
      <WithStyles(TableCell)
        align="right"
      >
        Fat (g)
      </WithStyles(TableCell)>
      <WithStyles(TableCell)
        align="right"
      >
        Carbs (g)
      </WithStyles(TableCell)>
      <WithStyles(TableCell)
        align="right"
      >
        Protein (g)
      </WithStyles(TableCell)>
    </WithStyles(TableRow)>
  </WithStyles(TableHead)>
  <WithStyles(TableBody)>
    <WithStyles(TableRow)
      key="1"
    >
      <WithStyles(TableCell)
        component="th"
        scope="row"
      >
        Frozen yoghurt
      </WithStyles(TableCell)>
      <WithStyles(TableCell)
        align="right"
      >
        159
      </WithStyles(TableCell)>
      <WithStyles(TableCell)
        align="right"
      >
        6
      </WithStyles(TableCell)>
      <WithStyles(TableCell)
        align="right"
      >
        24
      </WithStyles(TableCell)>
      <WithStyles(TableCell)
        align="right"
      >
        4
      </WithStyles(TableCell)>
    </WithStyles(TableRow)>
    <WithStyles(TableRow)
      key="2"
    >
      <WithStyles(TableCell)
        component="th"
        scope="row"
      >
        Ice cream sandwich
      </WithStyles(TableCell)>
      <WithStyles(TableCell)
        align="right"
      >
        237
      </WithStyles(TableCell)>
      <WithStyles(TableCell)
        align="right"
      >
        9
      </WithStyles(TableCell)>
      <WithStyles(TableCell)
        align="right"
      >
        37
      </WithStyles(TableCell)>
      <WithStyles(TableCell)
        align="right"
      >
        4.3
      </WithStyles(TableCell)>
    </WithStyles(TableRow)>
    <WithStyles(TableRow)
      key="3"
    >
      <WithStyles(TableCell)
        component="th"
        scope="row"
      >
        Eclair
      </WithStyles(TableCell)>
      <WithStyles(TableCell)
        align="right"
      >
        262
      </WithStyles(TableCell)>
      <WithStyles(TableCell)
        align="right"
      >
        16
      </WithStyles(TableCell)>
      <WithStyles(TableCell)
        align="right"
      >
        24
      </WithStyles(TableCell)>
      <WithStyles(TableCell)
        align="right"
      >
        6
      </WithStyles(TableCell)>
    </WithStyles(TableRow)>
    <WithStyles(TableRow)
      key="4"
    >
      <WithStyles(TableCell)
        component="th"
        scope="row"
      >
        Cupcake
      </WithStyles(TableCell)>
      <WithStyles(TableCell)
        align="right"
      >
        305
      </WithStyles(TableCell)>
      <WithStyles(TableCell)
        align="right"
      >
        3.7
      </WithStyles(TableCell)>
      <WithStyles(TableCell)
        align="right"
      >
        67
      </WithStyles(TableCell)>
      <WithStyles(TableCell)
        align="right"
      >
        4.3
      </WithStyles(TableCell)>
    </WithStyles(TableRow)>
    <WithStyles(TableRow)
      key="5"
    >
      <WithStyles(TableCell)
        component="th"
        scope="row"
      >
        Gingerbread
      </WithStyles(TableCell)>
      <WithStyles(TableCell)
        align="right"
      >
        356
      </WithStyles(TableCell)>
      <WithStyles(TableCell)
        align="right"
      >
        16
      </WithStyles(TableCell)>
      <WithStyles(TableCell)
        align="right"
      >
        49
      </WithStyles(TableCell)>
      <WithStyles(TableCell)
        align="right"
      >
        3.9
      </WithStyles(TableCell)>
    </WithStyles(TableRow)>
  </WithStyles(TableBody)>
</TableContainer>
`;
